[    4009ms] [ERROR] Loading the image 'https://target.digitalaudience.io/bakery/bake?rvid=793&partner=AmazonDSP&car=0' violates the following Content Security Policy directive: "default-src 'self' s.amazon-adsystem.com aax-eu.amazon-adsystem.com aax-fe.amazon-adsystem.com fonts.gstatic.com *.firefox.etp doubleclick.net *.stickyadstv.com *.g.doubleclick.net id5-sync.com fout.jp ninthdecimal.com *.postrelease.com *.yahoo.com *.adnxs.com exelator.com richaudience.com *.presage.io samplicio.us *.rubiconproject.com semasio.net cm.g.doubleclick.net *.samba.tv presage.io yahoo.com *.loopme.me *.amazon-adsystem.com yahoo.net gumgum.com *.imdb.com google.com amazon-adsystem.com *.samplicio.us *.smartadserver.com loopme.me zeotap.com *.mediarithmics.com taboola.com *.bidswitch.net *.thisisdax.com *.fwmrm.net *.yahoo.net adscale.de *.ninthdecimal.com *.zeotap.com *.adscale.de fwmrm.net demdex.net *.scorecardresearch.com agkn.com *.kargo.com connatix.com *.dmxleo.com *.casalemedia.com bidswitch.net dmxleo.com imdb.com *.gumgum.com *.demdex.net *.ispot.tv *.google.com *.exelator.com *.pubmatic.com kargo.com scorecardresearch.com *.3lift.com thisisdax.com postrelease.com *.doubleclick.net stickyadstv.com yieldmo.com *.mookie1.com ispot.tv *.connatix.com *.agkn.com samba.tv pubmatic.com smartadserver.com s.amazon-adsystem.com/ecm3 *.match.360yield.com *.richaudience.com *.id5-sync.com *.fout.jp casalemedia.com rubiconproject.com openx.net adnxs.com mookie1.com match.360yield.com *.taboola.com *.openx.net *.semasio.net *.yieldmo.com". Note that 'img-src' was not explicitly set, so 'default-src' is used as a fallback. The action has been blocked. @ https://s.amazon-adsystem.com/v3/pr?exlist=n-xr-HMT_n-id-HMT_n-nt-HMT_ns_n-eq-HMT3_n-ix-HMT_bsw_n-y-HMT_n-id5-dcm_n-cx-HMT_n-dm2-HMT_n-dx-HMT2_n-zeotap-4_fw_imdb_n-fo-HMT_n-lucid_n-st-HMT1_n-samba.tv_n-rb-HMT3_n-fw-HMT1_n-og-HMT_adelphic_adb_n-digitalaudience_mp_n-mediarithmics_g_n-comscr.com_n-lm-HMT3_ox_n-tl-HMT_n-semasio-ecm_n-kg-HMT_n-gg-HMT2_an_n-pm-HMT_n-g-hmt_nsln_nd_n-ispot_n-stroer-HMT_n-ym-HMT_n-ox-hmt_n-ex1-HMT_tbl&fv=1.0&a=cm&dmt=1&gdpr_consent=&ex-pl-n-g-hmt=V_SRBavFSBKwv1fQ7o1eqQ&gdpr=0&ep=0MdUgv1XKZaZSuy-L-JfZGuvp0qeJOeH5gSYc9g6zHGgu42WdORT6nh3Hge4-nrtev5yurbU2CFMJU19l1GmUlXeZA0v-ohQWAyp7WumQHpylvflpnQrJ_o8kCBOCcTWtfvtcpSK-ls_NPIBGWvlHDbwPasGuRQUxFVSTL3QG0g5FFtaaOzJraaz1_qo1ltt8C_LRXoznj6-eT4nZeF1vllpdZmqQUuVj49VcTFSucUoQjZE_Aa-hOWW_pmLSVzAJLm-8RTtrZ7WsQDeJGrbu3Owvzi6NJ8v-1DnGZjNKtWNaRckBmpwDEL0H_V3hHWU54u0HmGvM1dqy1Cuu93-v_bgc0mkL1lK1Wn1yBmmkJgX5MGU17Sn__PSEdQTuVFlZiROj06qTYN6ar8pMyByQv6HSoWhj_M0iSottiGdPKEXtT3CW-yalujZS71L4DhWKZU7qpdaIsNmR2BqEVWqzXshfHSEXu-nNgGf_a13S9TAfpXU-rd1FRSzoomuCGpmIbpwU9ImHhSCa5rdjQKU2OqZTrOZBgvw4wTunuc0W8la40DCA0oG6BZql90vgobXODBqVtOixrehhy--5wtzHXFidSe5OXle--JlSiE9_thiwv0QMqT9MjnBPdz5fshbhMJxAeHDPlJhsc-NBw5fWK6q6MX-8vpJ7Zp4wbg3mYcSwwtPpBhUSYNwLaiv0Hgo0ynbQMpKFAOYLou8WgTEzLhFI-UUqYd2XczLSK8Rwrwj6yQkymJ__qufHjRgnh1hcRfUjcJwkY2t1q7yWzEdOKhq_ZPpMiCjdPRiYQgP5bJz0WPoMdYVp-doeTeYB6g3qpj1i4AbkPjYmDCKyYnU4tGpZnBceshe3j_vr8dIVdbmuHb7l_ex38PPhnTVonzGGtChGdAzTZdo-NnbXT-ivbr1jaxhxC7h33DnH2yYpCbZ0XYLig8eTSunDXlHbWxPDqomYkaDSBY28jCh17b28lEallm7oD2Z1tTt7VV7G2LzJJk4sb-UWoU9lLn9yr_hgQ06F_pFP6TXc3IFqkE0Ro2Mh8-WftxfQW3z_N9dY5einlxLohWppLPWq5Kd7E3qQG6yqDzTIN6NKosBJ0DC5G47uT-XcXFdKbUojv0mFyqXlwwsBvBu9P0pLYPPQTmqebGpfZGcwXgjjNPbesPJbH-0qfnG-cRzJDJoZfl2zB1oApb7ZbwNk5VbzkXzzcMdeRDcih7b4z1s-gaO0IXyynI7BX3CXEjm_lBreWg-_obpM5slZreeEXCFn3LN1VciMKtZ-cUmbG3P70WG1NZrf40CscQN2mTmoxOH8XUTD1gclCCdg2EvS0BBy5M69shly00L-_9OPvO57n38B5HQ7GzHho3JfOJBjNAj_W1-T75b5NSxXpreIQXLIRiaeEFPMEJicbbAP1gvlgBuHO3pXxClcpFM1LphxW8y5FgI_CtzNy-53mNqwaYfc8YmMSUp3iWw8VjbaGT6MoC7sNju89Qe3xvsLkt9RgkVVMuAKIw:52
[    5666ms] [ERROR] Failed to load resource: the server responded with a status of 404 () @ https://id5-sync.com/k/2007.gif?puid=janWxV7sSGW1tZ9fx0TqJA&gdpr_consent=&gdpr=0:0
[    6576ms] [ERROR] Failed to load resource: net::ERR_NAME_NOT_RESOLVED @ https://sync-amazon.ads.yieldmo.com/sync?pn_id=amazon&id=uve2iNWDR1a4AW73h_IZ6w&redir=https%3A%2F%2Fs.amazon-adsystem.com%2Fecm3%3Fex%3DyieldmoHMT%26id%3D%7B%7Buserid%7D%7D&gdpr_consent=&gdpr=0:0
[13096390ms] [ERROR] Failed to load resource: net::ERR_NAME_NOT_RESOLVED @ https://unagi.amazon.com/1/events/com.amazon.cbb.prod:0
[13096392ms] [ERROR] Failed to load resource: net::ERR_NAME_NOT_RESOLVED @ https://unagi.amazon.com/1/events/com.amazon.csm.csa.prod:0
[17098735ms] [ERROR] Failed to load resource: net::ERR_NAME_NOT_RESOLVED @ https://unagi.amazon.com/1/events/com.amazon.cbb.prod:0
[17098735ms] [ERROR] Failed to load resource: net::ERR_NAME_NOT_RESOLVED @ https://unagi.amazon.com/1/events/com.amazon.csm.csa.prod:0
[31164086ms] [ERROR] Failed to load resource: net::ERR_CONNECTION_RESET @ https://unagi.amazon.com/1/events/com.amazon.cbb.prod:0
[31164088ms] [ERROR] Failed to load resource: net::ERR_CONNECTION_RESET @ https://unagi.amazon.com/1/events/com.amazon.csm.csa.prod:0
[31164099ms] [ERROR] Failed to load resource: net::ERR_CONNECTION_RESET @ https://unagi.amazon.com/1/events/com.amazon.csm.csa.prod:0
[31164099ms] [ERROR] Failed to load resource: net::ERR_CONNECTION_RESET @ https://unagi.amazon.com/1/events/com.amazon.cbb.prod:0
[31164109ms] [ERROR] Failed to load resource: net::ERR_NETWORK_CHANGED @ https://unagi.amazon.com/1/events/com.amazon.csm.csa.prod:0
[31176156ms] [ERROR] Failed to load resource: net::ERR_INTERNET_DISCONNECTED @ https://unagi.amazon.com/1/events/com.amazon.cbb.prod:0
[31206155ms] [ERROR] Failed to load resource: net::ERR_INTERNET_DISCONNECTED @ https://unagi.amazon.com/1/events/com.amazon.cbb.prod:0
[31236162ms] [ERROR] Failed to load resource: net::ERR_INTERNET_DISCONNECTED @ https://unagi.amazon.com/1/events/com.amazon.cbb.prod:0
[31266153ms] [ERROR] Failed to load resource: net::ERR_INTERNET_DISCONNECTED @ https://unagi.amazon.com/1/events/com.amazon.cbb.prod:0
[31296147ms] [ERROR] Failed to load resource: net::ERR_INTERNET_DISCONNECTED @ https://unagi.amazon.com/1/events/com.amazon.cbb.prod:0
[31326165ms] [ERROR] Failed to load resource: net::ERR_INTERNET_DISCONNECTED @ https://unagi.amazon.com/1/events/com.amazon.cbb.prod:0
[35255538ms] [ERROR] Failed to load resource: net::ERR_INTERNET_DISCONNECTED @ https://unagi.amazon.com/1/events/com.amazon.cbb.prod:0
[40385560ms] [ERROR] Failed to load resource: net::ERR_INTERNET_DISCONNECTED @ https://unagi.amazon.com/1/events/com.amazon.cbb.prod:0
[80452364ms] [ERROR] Failed to load resource: net::ERR_INTERNET_DISCONNECTED @ https://unagi.amazon.com/1/events/com.amazon.cbb.prod:0
[80452365ms] [ERROR] Failed to load resource: net::ERR_INTERNET_DISCONNECTED @ https://unagi.amazon.com/1/events/com.amazon.csm.csa.prod:0
[80457165ms] [ERROR] Failed to load resource: net::ERR_INTERNET_DISCONNECTED @ https://unagi.amazon.com/1/events/com.amazon.cbb.prod:0
[80457165ms] [ERROR] Failed to load resource: net::ERR_INTERNET_DISCONNECTED @ https://unagi.amazon.com/1/events/com.amazon.csm.csa.prod:0
[80463269ms] [ERROR] Failed to load resource: net::ERR_INTERNET_DISCONNECTED @ https://unagi.amazon.com/1/events/com.amazon.cbb.prod:0
[80493264ms] [ERROR] Failed to load resource: net::ERR_INTERNET_DISCONNECTED @ https://unagi.amazon.com/1/events/com.amazon.cbb.prod:0
[80523267ms] [ERROR] Failed to load resource: net::ERR_INTERNET_DISCONNECTED @ https://unagi.amazon.com/1/events/com.amazon.cbb.prod:0
